  Determining projects to restore...
  Restored C:\Users\Robert\source\repos\vostra-result\src\Vostra.Results.AspNetCore\Vostra.Results.AspNetCore.csproj (in 474 ms).
  Restored C:\Users\Robert\source\repos\vostra-result\tests\Vostra.Results.AspNetCore.Tests\Vostra.Results.AspNetCore.Tests.csproj (in 1,76 sec).
  1 of 3 projects are up-to-date for restore.
  Vostra.Results -> C:\Users\Robert\source\repos\vostra-result\src\Vostra.Results\bin\Debug\net9.0\Vostra.Results.dll
  Vostra.Results -> C:\Users\Robert\source\repos\vostra-result\src\Vostra.Results\bin\Debug\net8.0\Vostra.Results.dll
  Vostra.Results.AspNetCore -> C:\Users\Robert\source\repos\vostra-result\src\Vostra.Results.AspNetCore\bin\Debug\net8.0\Vostra.Results.AspNetCore.dll
  Vostra.Results.AspNetCore -> C:\Users\Robert\source\repos\vostra-result\src\Vostra.Results.AspNetCore\bin\Debug\net9.0\Vostra.Results.AspNetCore.dll
  Vostra.Results.AspNetCore.Tests -> C:\Users\Robert\source\repos\vostra-result\tests\Vostra.Results.AspNetCore.Tests\bin\Debug\net8.0\Vostra.Results.AspNetCore.Tests.dll
  Vostra.Results.AspNetCore.Tests -> C:\Users\Robert\source\repos\vostra-result\tests\Vostra.Results.AspNetCore.Tests\bin\Debug\net9.0\Vostra.Results.AspNetCore.Tests.dll
Test run for C:\Users\Robert\source\repos\vostra-result\tests\Vostra.Results.AspNetCore.Tests\bin\Debug\net8.0\Vostra.Results.AspNetCore.Tests.dll (.NETCoreApp,Version=v8.0)
Test run for C:\Users\Robert\source\repos\vostra-result\tests\Vostra.Results.AspNetCore.Tests\bin\Debug\net9.0\Vostra.Results.AspNetCore.Tests.dll (.NETCoreApp,Version=v9.0)
A total of 1 test files matched the specified pattern.
A total of 1 test files matched the specified pattern.

Passed!  - Failed:     0, Passed:     1, Skipped:     0, Total:     1, Duration: 302 ms - Vostra.Results.AspNetCore.Tests.dll (net9.0)

Passed!  - Failed:     0, Passed:     1, Skipped:     0, Total:     1, Duration: 286 ms - Vostra.Results.AspNetCore.Tests.dll (net8.0)
